2026-08-06 03:35:16,095 [__main__] INFO: Engine starting
2026-08-06 03:35:16,096 [orchestrator] INFO: Orchestrator run started
2026-08-06 03:35:16,096 [strategy] INFO: Buy signal at 62
2026-08-06 03:35:16,096 [trader] INFO: Opened trade at 62 with stop loss 37
2026-08-06 03:35:16,097 [strategy] INFO: Trailing stop moved at 62
2026-08-06 03:35:16,097 [strategy] INFO: Buy signal at 60
2026-08-06 03:35:16,097 [trader] INFO: Opened trade at 60 with stop loss 35
2026-08-06 03:35:16,097 [strategy] INFO: Trailing stop moved at 60
2026-08-06 03:35:16,097 [strategy] INFO: Buy signal at 37
2026-08-06 03:35:16,097 [trader] INFO: Opened trade at 37 with stop loss 12
2026-08-06 03:35:16,097 [strategy] INFO: Sell signal (stop loss) at 37
2026-08-06 03:35:16,097 [trader] INFO: Closed trade at 37, PnL=-25
2026-08-06 03:35:16,097 [strategy] INFO: Trailing stop moved at 37
2026-08-06 03:35:16,097 [strategy] INFO: Buy signal at 39
2026-08-06 03:35:16,097 [trader] INFO: Opened trade at 39 with stop loss 14
2026-08-06 03:35:16,098 [strategy] INFO: Trailing stop moved at 39
2026-08-06 03:35:16,098 [strategy] INFO: Trailing stop moved at 39
2026-08-06 03:35:16,098 [strategy] INFO: Buy signal at 55
2026-08-06 03:35:16,098 [trader] INFO: Opened trade at 55 with stop loss 30
2026-08-06 03:35:16,098 [strategy] INFO: Trailing stop moved at 55
2026-08-06 03:35:16,098 [strategy] INFO: Trailing stop moved at 55
2026-08-06 03:35:16,098 [strategy] INFO: Trailing stop moved at 55
2026-08-06 03:35:16,098 [strategy] INFO: Buy signal at 49
2026-08-06 03:35:16,098 [trader] INFO: Opened trade at 49 with stop loss 24
2026-08-06 03:35:16,098 [strategy] INFO: Trailing stop moved at 49
2026-08-06 03:35:16,098 [strategy] INFO: Buy signal at 28
2026-08-06 03:35:16,098 [trader] INFO: Opened trade at 28 with stop loss 3
2026-08-06 03:35:16,098 [strategy] INFO: Sell signal (stop loss) at 28
2026-08-06 03:35:16,098 [trader] INFO: Closed trade at 28, PnL=-32
2026-08-06 03:35:16,099 [strategy] INFO: Sell signal (stop loss) at 28
2026-08-06 03:35:16,099 [trader] INFO: Closed trade at 28, PnL=-9
2026-08-06 03:35:16,099 [strategy] INFO: Sell signal (stop loss) at 28
2026-08-06 03:35:16,099 [trader] INFO: Closed trade at 28, PnL=-11
2026-08-06 03:35:16,099 [strategy] INFO: Sell signal (stop loss) at 28
2026-08-06 03:35:16,099 [trader] INFO: Closed trade at 28, PnL=-27
2026-08-06 03:35:16,099 [strategy] INFO: Trailing stop moved at 28
2026-08-06 03:35:16,099 [strategy] INFO: Buy signal at 22
2026-08-06 03:35:16,099 [trader] INFO: Opened trade at 22 with stop loss -3
2026-08-06 03:35:16,099 [strategy] INFO: Sell signal (stop loss) at 22
2026-08-06 03:35:16,100 [trader] INFO: Closed trade at 22, PnL=-27
2026-08-06 03:35:16,100 [strategy] INFO: Trailing stop moved at 22
2026-08-06 03:35:16,100 [strategy] INFO: Buy signal at 37
2026-08-06 03:35:16,100 [trader] INFO: Opened trade at 37 with stop loss 12
2026-08-06 03:35:16,100 [strategy] INFO: Trailing stop moved at 37
2026-08-06 03:35:16,100 [strategy] INFO: Trailing stop moved at 37
2026-08-06 03:35:16,100 [strategy] INFO: Trailing stop moved at 37
2026-08-06 03:35:16,100 [strategy] INFO: Buy signal at 62
2026-08-06 03:35:16,100 [trader] INFO: Opened trade at 62 with stop loss 37
2026-08-06 03:35:16,100 [strategy] INFO: Trailing stop moved at 62
2026-08-06 03:35:16,101 [strategy] INFO: Trailing stop moved at 62
2026-08-06 03:35:16,101 [strategy] INFO: Trailing stop moved at 62
2026-08-06 03:35:16,101 [strategy] INFO: Trailing stop moved at 62
2026-08-06 03:35:16,101 [strategy] INFO: Buy signal at 43
2026-08-06 03:35:16,101 [trader] INFO: Opened trade at 43 with stop loss 18
2026-08-06 03:35:16,101 [strategy] INFO: Trailing stop moved at 43
2026-08-06 03:35:16,101 [strategy] INFO: Buy signal at 51
2026-08-06 03:35:16,101 [trader] INFO: Opened trade at 51 with stop loss 26
2026-08-06 03:35:16,101 [strategy] INFO: Trailing stop moved at 51
2026-08-06 03:35:16,101 [strategy] INFO: Trailing stop moved at 51
2026-08-06 03:35:16,101 [strategy] INFO: Buy signal at 26
2026-08-06 03:35:16,101 [trader] INFO: Opened trade at 26 with stop loss 1
2026-08-06 03:35:16,101 [strategy] INFO: Sell signal (stop loss) at 26
2026-08-06 03:35:16,101 [trader] INFO: Closed trade at 26, PnL=-2
2026-08-06 03:35:16,101 [strategy] INFO: Sell signal (stop loss) at 26
2026-08-06 03:35:16,101 [trader] INFO: Closed trade at 26, PnL=4
2026-08-06 03:35:16,101 [strategy] INFO: Sell signal (stop loss) at 26
2026-08-06 03:35:16,102 [trader] INFO: Closed trade at 26, PnL=-11
2026-08-06 03:35:16,102 [strategy] INFO: Sell signal (stop loss) at 26
2026-08-06 03:35:16,102 [trader] INFO: Closed trade at 26, PnL=-36
2026-08-06 03:35:16,102 [strategy] INFO: Sell signal (stop loss) at 26
2026-08-06 03:35:16,102 [trader] INFO: Closed trade at 26, PnL=-17
2026-08-06 03:35:16,102 [strategy] INFO: Sell signal (stop loss) at 26
2026-08-06 03:35:16,102 [trader] INFO: Closed trade at 26, PnL=-25
2026-08-06 03:35:16,102 [strategy] INFO: Trailing stop moved at 26
2026-08-06 03:35:16,102 [strategy] INFO: Buy signal at 15
2026-08-06 03:35:16,102 [trader] INFO: Opened trade at 15 with stop loss -10
2026-08-06 03:35:16,102 [strategy] INFO: Trailing stop moved at 15
2026-08-06 03:35:16,103 [strategy] INFO: Buy signal at 25
2026-08-06 03:35:16,103 [trader] INFO: Opened trade at 25 with stop loss 0
2026-08-06 03:35:16,103 [strategy] INFO: Trailing stop moved at 25
2026-08-06 03:35:16,103 [strategy] INFO: Trailing stop moved at 25
2026-08-06 03:35:16,103 [strategy] INFO: Buy signal at 40
2026-08-06 03:35:16,103 [trader] INFO: Opened trade at 40 with stop loss 15
2026-08-06 03:35:16,103 [strategy] INFO: Trailing stop moved at 40
2026-08-06 03:35:16,103 [strategy] INFO: Trailing stop moved at 40
2026-08-06 03:35:16,103 [strategy] INFO: Trailing stop moved at 40
2026-08-06 03:35:16,103 [strategy] INFO: Trailing stop moved at 40
2026-08-06 03:35:16,103 [strategy] INFO: Buy signal at 52
2026-08-06 03:35:16,104 [trader] INFO: Opened trade at 52 with stop loss 27
2026-08-06 03:35:16,104 [strategy] INFO: Trailing stop moved at 52
2026-08-06 03:35:16,104 [strategy] INFO: Trailing stop moved at 52
2026-08-06 03:35:16,104 [strategy] INFO: Trailing stop moved at 52
2026-08-06 03:35:16,104 [strategy] INFO: Trailing stop moved at 52
2026-08-06 03:35:16,104 [strategy] INFO: Trailing stop moved at 52
2026-08-06 03:35:16,104 [strategy] INFO: Buy signal at 47
2026-08-06 03:35:16,104 [trader] INFO: Opened trade at 47 with stop loss 22
2026-08-06 03:35:16,104 [strategy] INFO: Trailing stop moved at 47
2026-08-06 03:35:16,104 [strategy] INFO: Buy signal at 77
2026-08-06 03:35:16,104 [trader] INFO: Opened trade at 77 with stop loss 52
2026-08-06 03:35:16,104 [strategy] INFO: Trailing stop moved at 77
2026-08-06 03:35:16,104 [strategy] INFO: Trailing stop moved at 77
2026-08-06 03:35:16,104 [strategy] INFO: Trailing stop moved at 77
2026-08-06 03:35:16,105 [strategy] INFO: Trailing stop moved at 77
2026-08-06 03:35:16,105 [strategy] INFO: Trailing stop moved at 77
2026-08-06 03:35:16,105 [strategy] INFO: Trailing stop moved at 77
2026-08-06 03:35:16,105 [strategy] INFO: Trailing stop moved at 77
2026-08-06 03:35:16,105 [strategy] INFO: Trailing stop moved at 101
2026-08-06 03:35:16,105 [strategy] INFO: Trailing stop moved at 101
2026-08-06 03:35:16,105 [strategy] INFO: Trailing stop moved at 101
2026-08-06 03:35:16,105 [strategy] INFO: Trailing stop moved at 101
2026-08-06 03:35:16,105 [strategy] INFO: Trailing stop moved at 101
2026-08-06 03:35:16,105 [strategy] INFO: Trailing stop moved at 101
2026-08-06 03:35:16,106 [strategy] INFO: Trailing stop moved at 101
2026-08-06 03:35:16,106 [strategy] INFO: Buy signal at 75
2026-08-06 03:35:16,106 [trader] INFO: Opened trade at 75 with stop loss 50
2026-08-06 03:35:16,106 [strategy] INFO: Sell signal (stop loss) at 75
2026-08-06 03:35:16,106 [trader] INFO: Closed trade at 75, PnL=49
2026-08-06 03:35:16,106 [strategy] INFO: Sell signal (stop loss) at 75
2026-08-06 03:35:16,106 [trader] INFO: Closed trade at 75, PnL=60
2026-08-06 03:35:16,106 [strategy] INFO: Sell signal (stop loss) at 75
2026-08-06 03:35:16,106 [trader] INFO: Closed trade at 75, PnL=50
2026-08-06 03:35:16,106 [strategy] INFO: Sell signal (stop loss) at 75
2026-08-06 03:35:16,106 [trader] INFO: Closed trade at 75, PnL=35
2026-08-06 03:35:16,106 [strategy] INFO: Sell signal (stop loss) at 75
2026-08-06 03:35:16,107 [trader] INFO: Closed trade at 75, PnL=23
2026-08-06 03:35:16,107 [strategy] INFO: Sell signal (stop loss) at 75
2026-08-06 03:35:16,107 [trader] INFO: Closed trade at 75, PnL=28
2026-08-06 03:35:16,107 [strategy] INFO: Sell signal (stop loss) at 75
2026-08-06 03:35:16,107 [trader] INFO: Closed trade at 75, PnL=-2
2026-08-06 03:35:16,107 [strategy] INFO: Trailing stop moved at 75
2026-08-06 03:35:16,107 [strategy] INFO: Buy signal at 51
2026-08-06 03:35:16,107 [trader] INFO: Opened trade at 51 with stop loss 26
2026-08-06 03:35:16,107 [strategy] INFO: Trailing stop moved at 51
2026-08-06 03:35:16,107 [strategy] INFO: Buy signal at 66
2026-08-06 03:35:16,107 [trader] INFO: Opened trade at 66 with stop loss 41
2026-08-06 03:35:16,107 [strategy] INFO: Trailing stop moved at 66
2026-08-06 03:35:16,108 [strategy] INFO: Trailing stop moved at 66
2026-08-06 03:35:16,109 [strategy] INFO: Buy signal at 33
2026-08-06 03:35:16,109 [trader] INFO: Opened trade at 33 with stop loss 8
2026-08-06 03:35:16,109 [strategy] INFO: Sell signal (stop loss) at 33
2026-08-06 03:35:16,109 [trader] INFO: Closed trade at 33, PnL=-42
2026-08-06 03:35:16,109 [strategy] INFO: Sell signal (stop loss) at 33
2026-08-06 03:35:16,109 [trader] INFO: Closed trade at 33, PnL=-18
2026-08-06 03:35:16,109 [strategy] INFO: Sell signal (stop loss) at 33
2026-08-06 03:35:16,109 [trader] INFO: Closed trade at 33, PnL=-33
2026-08-06 03:35:16,109 [strategy] INFO: Trailing stop moved at 33
2026-08-06 03:35:16,109 [strategy] INFO: Buy signal at 42
2026-08-06 03:35:16,110 [trader] INFO: Opened trade at 42 with stop loss 17
2026-08-06 03:35:16,110 [strategy] INFO: Trailing stop moved at 42
2026-08-06 03:35:16,110 [strategy] INFO: Trailing stop moved at 42
2026-08-06 03:35:16,110 [strategy] INFO: Buy signal at 29
2026-08-06 03:35:16,110 [trader] INFO: Opened trade at 29 with stop loss 4
2026-08-06 03:35:16,110 [strategy] INFO: Trailing stop moved at 29
2026-08-06 03:35:16,110 [strategy] INFO: Buy signal at 29
2026-08-06 03:35:16,110 [trader] INFO: Opened trade at 29 with stop loss 4
2026-08-06 03:35:16,110 [strategy] INFO: Trailing stop moved at 29
2026-08-06 03:35:16,110 [strategy] INFO: Trailing stop moved at 29
2026-08-06 03:35:16,111 [strategy] INFO: Buy signal at 33
2026-08-06 03:35:16,111 [trader] INFO: Opened trade at 33 with stop loss 8
2026-08-06 03:35:16,111 [strategy] INFO: Trailing stop moved at 33
2026-08-06 03:35:16,111 [strategy] INFO: Trailing stop moved at 33
2026-08-06 03:35:16,111 [strategy] INFO: Trailing stop moved at 33
2026-08-06 03:35:16,111 [strategy] INFO: Buy signal at 38
2026-08-06 03:35:16,111 [trader] INFO: Opened trade at 38 with stop loss 13
2026-08-06 03:35:16,111 [strategy] INFO: Trailing stop moved at 38
2026-08-06 03:35:16,111 [strategy] INFO: Trailing stop moved at 38
2026-08-06 03:35:16,111 [strategy] INFO: Trailing stop moved at 38
2026-08-06 03:35:16,111 [strategy] INFO: Trailing stop moved at 38
2026-08-06 03:35:16,111 [strategy] INFO: Buy signal at 37
2026-08-06 03:35:16,111 [trader] INFO: Opened trade at 37 with stop loss 12
2026-08-06 03:35:16,112 [strategy] INFO: Trailing stop moved at 37
2026-08-06 03:35:16,113 [strategy] INFO: Buy signal at 39
2026-08-06 03:35:16,113 [trader] INFO: Opened trade at 39 with stop loss 14
2026-08-06 03:35:16,113 [strategy] INFO: Trailing stop moved at 39
2026-08-06 03:35:16,113 [strategy] INFO: Trailing stop moved at 39
2026-08-06 03:35:16,113 [strategy] INFO: Trailing stop moved at 39
2026-08-06 03:35:16,113 [strategy] INFO: Trailing stop moved at 39
2026-08-06 03:35:16,113 [strategy] INFO: Trailing stop moved at 39
2026-08-06 03:35:16,113 [strategy] INFO: Trailing stop moved at 39
2026-08-06 03:35:16,113 [strategy] INFO: Buy signal at 60
2026-08-06 03:35:16,113 [trader] INFO: Opened trade at 60 with stop loss 35
2026-08-06 03:35:16,113 [strategy] INFO: Trailing stop moved at 60
2026-08-06 03:35:16,114 [strategy] INFO: Trailing stop moved at 60
2026-08-06 03:35:16,114 [strategy] INFO: Trailing stop moved at 60
2026-08-06 03:35:16,114 [strategy] INFO: Trailing stop moved at 60
2026-08-06 03:35:16,114 [strategy] INFO: Trailing stop moved at 60
2026-08-06 03:35:16,114 [strategy] INFO: Trailing stop moved at 60
2026-08-06 03:35:16,114 [strategy] INFO: Trailing stop moved at 60
2026-08-06 03:35:16,114 [strategy] INFO: Trailing stop moved at 60
2026-08-06 03:35:16,114 [strategy] INFO: Trailing stop moved at 60
2026-08-06 03:35:16,114 [strategy] INFO: Buy signal at 39
2026-08-06 03:35:16,114 [trader] INFO: Opened trade at 39 with stop loss 14
2026-08-06 03:35:16,114 [strategy] INFO: Trailing stop moved at 39
2026-08-06 03:35:16,114 [strategy] INFO: Buy signal at 62
2026-08-06 03:35:16,114 [trader] INFO: Opened trade at 62 with stop loss 37
2026-08-06 03:35:16,115 [strategy] INFO: Trailing stop moved at 62
2026-08-06 03:35:16,115 [strategy] INFO: Trailing stop moved at 62
2026-08-06 03:35:16,115 [strategy] INFO: Trailing stop moved at 62
2026-08-06 03:35:16,115 [strategy] INFO: Trailing stop moved at 62
2026-08-06 03:35:16,115 [strategy] INFO: Trailing stop moved at 62
2026-08-06 03:35:16,115 [strategy] INFO: Trailing stop moved at 62
2026-08-06 03:35:16,115 [strategy] INFO: Trailing stop moved at 62
2026-08-06 03:35:16,115 [strategy] INFO: Trailing stop moved at 62
2026-08-06 03:35:16,115 [strategy] INFO: Trailing stop moved at 62
2026-08-06 03:35:16,115 [strategy] INFO: Trailing stop moved at 62
2026-08-06 03:35:16,115 [strategy] INFO: Trailing stop moved at 62
2026-08-06 03:35:16,115 [strategy] INFO: Buy signal at 90
2026-08-06 03:35:16,115 [trader] INFO: Opened trade at 90 with stop loss 65
2026-08-06 03:35:16,115 [strategy] INFO: Trailing stop moved at 90
2026-08-06 03:35:16,116 [strategy] INFO: Trailing stop moved at 90
2026-08-06 03:35:16,116 [strategy] INFO: Trailing stop moved at 90
2026-08-06 03:35:16,116 [strategy] INFO: Trailing stop moved at 90
2026-08-06 03:35:16,116 [strategy] INFO: Trailing stop moved at 90
2026-08-06 03:35:16,116 [strategy] INFO: Trailing stop moved at 90
2026-08-06 03:35:16,116 [strategy] INFO: Trailing stop moved at 90
2026-08-06 03:35:16,117 [strategy] INFO: Trailing stop moved at 90
2026-08-06 03:35:16,117 [strategy] INFO: Trailing stop moved at 90
2026-08-06 03:35:16,117 [strategy] INFO: Trailing stop moved at 90
2026-08-06 03:35:16,117 [strategy] INFO: Trailing stop moved at 90
2026-08-06 03:35:16,117 [strategy] INFO: Trailing stop moved at 90
2026-08-06 03:35:16,117 [strategy] INFO: Trailing stop moved at 100
2026-08-06 03:35:16,117 [strategy] INFO: Trailing stop moved at 100
2026-08-06 03:35:16,118 [strategy] INFO: Trailing stop moved at 100
2026-08-06 03:35:16,118 [strategy] INFO: Trailing stop moved at 100
2026-08-06 03:35:16,118 [strategy] INFO: Trailing stop moved at 100
2026-08-06 03:35:16,118 [strategy] INFO: Trailing stop moved at 100
2026-08-06 03:35:16,118 [strategy] INFO: Trailing stop moved at 100
2026-08-06 03:35:16,118 [strategy] INFO: Trailing stop moved at 100
2026-08-06 03:35:16,118 [strategy] INFO: Trailing stop moved at 100
2026-08-06 03:35:16,118 [strategy] INFO: Trailing stop moved at 100
2026-08-06 03:35:16,118 [strategy] INFO: Trailing stop moved at 100
2026-08-06 03:35:16,118 [strategy] INFO: Trailing stop moved at 100
2026-08-06 03:35:16,118 [strategy] INFO: Trailing stop moved at 105
2026-08-06 03:35:16,118 [strategy] INFO: Trailing stop moved at 105
2026-08-06 03:35:16,118 [strategy] INFO: Trailing stop moved at 105
2026-08-06 03:35:16,118 [strategy] INFO: Trailing stop moved at 105
2026-08-06 03:35:16,118 [strategy] INFO: Trailing stop moved at 105
2026-08-06 03:35:16,119 [strategy] INFO: Trailing stop moved at 105
2026-08-06 03:35:16,119 [strategy] INFO: Trailing stop moved at 105
2026-08-06 03:35:16,119 [strategy] INFO: Trailing stop moved at 105
2026-08-06 03:35:16,120 [strategy] INFO: Trailing stop moved at 105
2026-08-06 03:35:16,120 [strategy] INFO: Trailing stop moved at 105
2026-08-06 03:35:16,120 [strategy] INFO: Trailing stop moved at 105
2026-08-06 03:35:16,120 [strategy] INFO: Trailing stop moved at 105
2026-08-06 03:35:16,120 [strategy] INFO: Trailing stop moved at 127
2026-08-06 03:35:16,120 [strategy] INFO: Trailing stop moved at 127
2026-08-06 03:35:16,120 [strategy] INFO: Trailing stop moved at 127
2026-08-06 03:35:16,120 [strategy] INFO: Trailing stop moved at 127
2026-08-06 03:35:16,120 [strategy] INFO: Trailing stop moved at 127
2026-08-06 03:35:16,121 [strategy] INFO: Trailing stop moved at 127
2026-08-06 03:35:16,121 [strategy] INFO: Trailing stop moved at 127
2026-08-06 03:35:16,121 [strategy] INFO: Trailing stop moved at 127
2026-08-06 03:35:16,121 [strategy] INFO: Trailing stop moved at 127
2026-08-06 03:35:16,121 [strategy] INFO: Trailing stop moved at 127
2026-08-06 03:35:16,121 [strategy] INFO: Trailing stop moved at 127
2026-08-06 03:35:16,121 [strategy] INFO: Trailing stop moved at 127
2026-08-06 03:35:16,121 [strategy] INFO: Trailing stop moved at 134
2026-08-06 03:35:16,121 [strategy] INFO: Trailing stop moved at 134
2026-08-06 03:35:16,121 [strategy] INFO: Trailing stop moved at 134
2026-08-06 03:35:16,121 [strategy] INFO: Trailing stop moved at 134
2026-08-06 03:35:16,122 [strategy] INFO: Trailing stop moved at 134
2026-08-06 03:35:16,122 [strategy] INFO: Trailing stop moved at 134
2026-08-06 03:35:16,122 [strategy] INFO: Trailing stop moved at 134
2026-08-06 03:35:16,122 [strategy] INFO: Trailing stop moved at 134
2026-08-06 03:35:16,122 [strategy] INFO: Trailing stop moved at 134
2026-08-06 03:35:16,122 [strategy] INFO: Trailing stop moved at 134
2026-08-06 03:35:16,122 [strategy] INFO: Trailing stop moved at 134
2026-08-06 03:35:16,122 [strategy] INFO: Trailing stop moved at 134
2026-08-06 03:35:16,122 [strategy] INFO: Sell signal (stop loss) at 101
2026-08-06 03:35:16,122 [trader] INFO: Closed trade at 101, PnL=68
2026-08-06 03:35:16,122 [strategy] INFO: Sell signal (stop loss) at 101
2026-08-06 03:35:16,123 [trader] INFO: Closed trade at 101, PnL=59
2026-08-06 03:35:16,123 [strategy] INFO: Sell signal (stop loss) at 101
2026-08-06 03:35:16,123 [trader] INFO: Closed trade at 101, PnL=72
2026-08-06 03:35:16,123 [strategy] INFO: Sell signal (stop loss) at 101
2026-08-06 03:35:16,123 [trader] INFO: Closed trade at 101, PnL=72
2026-08-06 03:35:16,123 [strategy] INFO: Sell signal (stop loss) at 101
2026-08-06 03:35:16,123 [trader] INFO: Closed trade at 101, PnL=68
2026-08-06 03:35:16,123 [strategy] INFO: Sell signal (stop loss) at 101
2026-08-06 03:35:16,123 [trader] INFO: Closed trade at 101, PnL=63
2026-08-06 03:35:16,123 [strategy] INFO: Sell signal (stop loss) at 101
2026-08-06 03:35:16,123 [trader] INFO: Closed trade at 101, PnL=64
2026-08-06 03:35:16,123 [strategy] INFO: Sell signal (stop loss) at 101
2026-08-06 03:35:16,124 [trader] INFO: Closed trade at 101, PnL=62
2026-08-06 03:35:16,124 [strategy] INFO: Sell signal (stop loss) at 101
2026-08-06 03:35:16,124 [trader] INFO: Closed trade at 101, PnL=41
2026-08-06 03:35:16,124 [strategy] INFO: Sell signal (stop loss) at 101
2026-08-06 03:35:16,124 [trader] INFO: Closed trade at 101, PnL=62
2026-08-06 03:35:16,124 [strategy] INFO: Sell signal (stop loss) at 101
2026-08-06 03:35:16,124 [trader] INFO: Closed trade at 101, PnL=39
2026-08-06 03:35:16,124 [strategy] INFO: Sell signal (stop loss) at 101
2026-08-06 03:35:16,124 [trader] INFO: Closed trade at 101, PnL=11
2026-08-06 03:35:16,124 [strategy] INFO: Buy signal at 90
2026-08-06 03:35:16,124 [trader] INFO: Opened trade at 90 with stop loss 65
2026-08-06 03:35:16,124 [strategy] INFO: Trailing stop moved at 90
2026-08-06 03:35:16,124 [strategy] INFO: Buy signal at 79
2026-08-06 03:35:16,125 [trader] INFO: Opened trade at 79 with stop loss 54
2026-08-06 03:35:16,125 [strategy] INFO: Trailing stop moved at 79
2026-08-06 03:35:16,125 [strategy] INFO: Buy signal at 93
2026-08-06 03:35:16,125 [trader] INFO: Opened trade at 93 with stop loss 68
2026-08-06 03:35:16,125 [strategy] INFO: Trailing stop moved at 93
2026-08-06 03:35:16,125 [strategy] INFO: Trailing stop moved at 93
2026-08-06 03:35:16,125 [strategy] INFO: Trailing stop moved at 93
2026-08-06 03:35:16,125 [strategy] INFO: Trailing stop moved at 126
2026-08-06 03:35:16,125 [strategy] INFO: Trailing stop moved at 126
2026-08-06 03:35:16,125 [strategy] INFO: Trailing stop moved at 126
2026-08-06 03:35:16,125 [strategy] INFO: Trailing stop moved at 143
2026-08-06 03:35:16,125 [strategy] INFO: Trailing stop moved at 143
2026-08-06 03:35:16,126 [strategy] INFO: Trailing stop moved at 143
2026-08-06 03:35:16,126 [strategy] INFO: Trailing stop moved at 173
2026-08-06 03:35:16,126 [strategy] INFO: Trailing stop moved at 173
2026-08-06 03:35:16,126 [strategy] INFO: Trailing stop moved at 173
2026-08-06 03:35:16,126 [strategy] INFO: Sell signal (stop loss) at 145
2026-08-06 03:35:16,126 [trader] INFO: Closed trade at 145, PnL=55
2026-08-06 03:35:16,126 [strategy] INFO: Sell signal (stop loss) at 145
2026-08-06 03:35:16,126 [trader] INFO: Closed trade at 145, PnL=66
2026-08-06 03:35:16,126 [strategy] INFO: Sell signal (stop loss) at 145
2026-08-06 03:35:16,127 [trader] INFO: Closed trade at 145, PnL=52
2026-08-06 03:35:16,127 [orchestrator] INFO: Orchestrator run completed
2026-08-06 03:35:16,127 [orchestrator] INFO: Finalizing trades at last price: 253
2026-08-06 03:35:16,127 [strategy] INFO: Final sell at 253
2026-08-06 03:35:16,127 [__main__] INFO: Engine stopped
